4173; 1262 55990 DATABASE - arcteam beppe
13; 2615 55999 SCHEMA - liste beppe
14; 2615 56000 SCHEMA - main beppe
15; 2615 2200 SCHEMA - public postgres
4174; 0 0 COMMENT - SCHEMA public postgres
4175; 0 0 ACL - public postgres
2; 3079 12361 EXTENSION - plpgsql 
4176; 0 0 COMMENT - EXTENSION plpgsql 
1; 3079 56001 EXTENSION - adminpack 
4177; 0 0 COMMENT - EXTENSION adminpack 
4; 3079 16386 EXTENSION - postgis 
4178; 0 0 COMMENT - EXTENSION postgis 
3; 3079 21847 EXTENSION - postgis_topology 
4179; 0 0 COMMENT - EXTENSION postgis_topology 
210; 1259 56010 TABLE liste affidabilita beppe
211; 1259 56016 SEQUENCE liste affidabilita_id_seq beppe
4180; 0 0 SEQUENCE OWNED BY liste affidabilita_id_seq beppe
212; 1259 56018 TABLE liste artificiali beppe
213; 1259 56024 SEQUENCE liste artificiali_id_seq beppe
4181; 0 0 SEQUENCE OWNED BY liste artificiali_id_seq beppe
214; 1259 56026 TABLE liste azioni beppe
215; 1259 56032 SEQUENCE liste azioni_id_seq beppe
4182; 0 0 SEQUENCE OWNED BY liste azioni_id_seq beppe
216; 1259 56034 TABLE liste cat beppe
217; 1259 56040 SEQUENCE liste cat_id_seq beppe
4183; 0 0 SEQUENCE OWNED BY liste cat_id_seq beppe
218; 1259 56042 TABLE liste comune beppe
219; 1259 56048 SEQUENCE liste comune_id_seq beppe
4184; 0 0 SEQUENCE OWNED BY liste comune_id_seq beppe
220; 1259 56050 TABLE liste conservazione beppe
221; 1259 56056 SEQUENCE liste conservazione_id_seq beppe
4185; 0 0 SEQUENCE OWNED BY liste conservazione_id_seq beppe
222; 1259 56058 TABLE liste consistenza beppe
223; 1259 56064 SEQUENCE liste consistenza_id_seq beppe
4186; 0 0 SEQUENCE OWNED BY liste consistenza_id_seq beppe
224; 1259 56066 TABLE liste criteri_distinz beppe
225; 1259 56072 SEQUENCE liste criteri_distinz_id_seq beppe
4187; 0 0 SEQUENCE OWNED BY liste criteri_distinz_id_seq beppe
226; 1259 56074 TABLE liste cronologia beppe
227; 1259 56080 SEQUENCE liste cronologia_id_seq beppe
4188; 0 0 SEQUENCE OWNED BY liste cronologia_id_seq beppe
228; 1259 56082 TABLE liste esito beppe
229; 1259 56088 SEQUENCE liste esito_id_seq beppe
4189; 0 0 SEQUENCE OWNED BY liste esito_id_seq beppe
230; 1259 56090 TABLE liste geologici beppe
231; 1259 56096 SEQUENCE liste geologici_id_seq beppe
4190; 0 0 SEQUENCE OWNED BY liste geologici_id_seq beppe
232; 1259 56098 TABLE liste localita beppe
233; 1259 56104 SEQUENCE liste localita_id_seq beppe
4191; 0 0 SEQUENCE OWNED BY liste localita_id_seq beppe
234; 1259 56106 TABLE liste modo_scavo beppe
235; 1259 56112 SEQUENCE liste modo_scavo_id_seq beppe
4192; 0 0 SEQUENCE OWNED BY liste modo_scavo_id_seq beppe
236; 1259 56114 TABLE liste organici beppe
237; 1259 56120 SEQUENCE liste organici_id_seq beppe
4193; 0 0 SEQUENCE OWNED BY liste organici_id_seq beppe
238; 1259 56122 TABLE liste regione beppe
239; 1259 56129 SEQUENCE liste regione_id_seq beppe
4194; 0 0 SEQUENCE OWNED BY liste regione_id_seq beppe
240; 1259 56131 TABLE liste schema beppe
241; 1259 56137 SEQUENCE liste schema_id_seq beppe
4195; 0 0 SEQUENCE OWNED BY liste schema_id_seq beppe
242; 1259 56139 TABLE liste servizi beppe
243; 1259 56145 TABLE liste social beppe
244; 1259 56151 SEQUENCE liste social_id_seq beppe
4196; 0 0 SEQUENCE OWNED BY liste social_id_seq beppe
245; 1259 56153 TABLE liste stato beppe
246; 1259 56159 TABLE liste stato_doc beppe
247; 1259 56165 SEQUENCE liste stato_doc_id_seq beppe
4197; 0 0 SEQUENCE OWNED BY liste stato_doc_id_seq beppe
248; 1259 56167 SEQUENCE liste stato_id_seq beppe
4198; 0 0 SEQUENCE OWNED BY liste stato_id_seq beppe
249; 1259 56169 TABLE liste subcat beppe
250; 1259 56175 SEQUENCE liste subcat_id_seq beppe
4199; 0 0 SEQUENCE OWNED BY liste subcat_id_seq beppe
251; 1259 56177 TABLE liste tab beppe
252; 1259 56183 SEQUENCE liste tab_id_seq beppe
4200; 0 0 SEQUENCE OWNED BY liste tab_id_seq beppe
253; 1259 56185 TABLE liste tag beppe
254; 1259 56191 SEQUENCE liste tag_id_seq beppe
4201; 0 0 SEQUENCE OWNED BY liste tag_id_seq beppe
255; 1259 56193 SEQUENCE liste tipo_lavoro_id_seq beppe
4202; 0 0 SEQUENCE OWNED BY liste tipo_lavoro_id_seq beppe
256; 1259 56195 TABLE liste tipo_us beppe
257; 1259 56201 SEQUENCE liste tipo_us_id_seq beppe
4203; 0 0 SEQUENCE OWNED BY liste tipo_us_id_seq beppe
258; 1259 56203 TABLE liste tipo_utente beppe
259; 1259 56209 SEQUENCE liste tipo_utente_id_seq beppe
4204; 0 0 SEQUENCE OWNED BY liste tipo_utente_id_seq beppe
260; 1259 56211 TABLE main attivita beppe
261; 1259 56217 TABLE main attivita_categorie beppe
262; 1259 56220 SEQUENCE main attivita_categorie_id_seq beppe
4205; 0 0 SEQUENCE OWNED BY main attivita_categorie_id_seq beppe
263; 1259 56222 SEQUENCE main attivita_id_seq beppe
4206; 0 0 SEQUENCE OWNED BY main attivita_id_seq beppe
264; 1259 56224 TABLE main campioni beppe
265; 1259 56230 SEQUENCE main campioni_id_seq beppe
4207; 0 0 SEQUENCE OWNED BY main campioni_id_seq beppe
266; 1259 56232 TABLE main lavoro_bkp beppe
267; 1259 56239 TABLE main lavoro_metadati beppe
268; 1259 56246 VIEW main lavori beppe
269; 1259 56250 TABLE main lavoro beppe
270; 1259 56256 TABLE main lavoro_campo beppe
4208; 0 0 COMMENT main COLUMN lavoro_campo.codice beppe
4209; 0 0 COMMENT main COLUMN lavoro_campo.soprintendenza beppe
4210; 0 0 COMMENT main COLUMN lavoro_campo.localita beppe
4211; 0 0 COMMENT main COLUMN lavoro_campo.direttore beppe
271; 1259 56262 SEQUENCE main lavoro_campo_id_seq beppe
4212; 0 0 SEQUENCE OWNED BY main lavoro_campo_id_seq beppe
272; 1259 56264 SEQUENCE main lavoro_id_seq beppe
4213; 0 0 SEQUENCE OWNED BY main lavoro_id_seq beppe
273; 1259 56266 SEQUENCE main lavoro_id_seq1 beppe
4214; 0 0 SEQUENCE OWNED BY main lavoro_id_seq1 beppe
274; 1259 56268 TABLE main log beppe
275; 1259 56272 SEQUENCE main log_id_seq beppe
4215; 0 0 SEQUENCE OWNED BY main log_id_seq beppe
276; 1259 56274 TABLE main login beppe
277; 1259 56281 SEQUENCE main login_id_seq beppe
4216; 0 0 SEQUENCE OWNED BY main login_id_seq beppe
278; 1259 56283 TABLE main post beppe
4217; 0 0 COMMENT main COLUMN post.pubblica beppe
279; 1259 56292 SEQUENCE main post_id_seq beppe
4218; 0 0 SEQUENCE OWNED BY main post_id_seq beppe
280; 1259 56294 TABLE main reperti beppe
281; 1259 56300 SEQUENCE main reperti_id_seq beppe
4219; 0 0 SEQUENCE OWNED BY main reperti_id_seq beppe
282; 1259 56302 TABLE main rubrica beppe
283; 1259 56309 SEQUENCE main rubrica_id_seq beppe
4220; 0 0 SEQUENCE OWNED BY main rubrica_id_seq beppe
284; 1259 56311 TABLE main scavo beppe
285; 1259 56320 SEQUENCE main scavo_id_seq beppe
4221; 0 0 SEQUENCE OWNED BY main scavo_id_seq beppe
286; 1259 56322 SEQUENCE main shape_gid_seq beppe
4222; 0 0 SEQUENCE OWNED BY main shape_gid_seq beppe
287; 1259 56324 TABLE main tags beppe
4223; 0 0 COMMENT main COLUMN tags.tab beppe
288; 1259 56327 SEQUENCE main tags_id_seq beppe
4224; 0 0 SEQUENCE OWNED BY main tags_id_seq beppe
289; 1259 56329 TABLE main us beppe
290; 1259 56335 TABLE main us_artificiali beppe
291; 1259 56338 SEQUENCE main us_artificiali_id_seq beppe
4225; 0 0 SEQUENCE OWNED BY main us_artificiali_id_seq beppe
292; 1259 56340 TABLE main us_geologici beppe
293; 1259 56343 SEQUENCE main us_geologici_id_seq beppe
4226; 0 0 SEQUENCE OWNED BY main us_geologici_id_seq beppe
294; 1259 56345 SEQUENCE main us_id_seq beppe
4227; 0 0 SEQUENCE OWNED BY main us_id_seq beppe
295; 1259 56347 TABLE main us_organici beppe
296; 1259 56350 SEQUENCE main us_organici_id_seq beppe
4228; 0 0 SEQUENCE OWNED BY main us_organici_id_seq beppe
297; 1259 56352 TABLE main usr beppe
298; 1259 56359 SEQUENCE main usr_id_seq beppe
4229; 0 0 SEQUENCE OWNED BY main usr_id_seq beppe
299; 1259 56361 TABLE main usr_social beppe
300; 1259 56367 SEQUENCE main usr_social_id_seq beppe
4230; 0 0 SEQUENCE OWNED BY main usr_social_id_seq beppe
3723; 2604 56369 DEFAULT liste id beppe
3724; 2604 56370 DEFAULT liste id beppe
3725; 2604 56371 DEFAULT liste id beppe
3726; 2604 56372 DEFAULT liste id beppe
3727; 2604 56373 DEFAULT liste id beppe
3728; 2604 56374 DEFAULT liste id beppe
3729; 2604 56375 DEFAULT liste id beppe
3730; 2604 56376 DEFAULT liste id beppe
3731; 2604 56377 DEFAULT liste id beppe
3732; 2604 56378 DEFAULT liste id beppe
3733; 2604 56379 DEFAULT liste id beppe
3734; 2604 56380 DEFAULT liste id beppe
3735; 2604 56381 DEFAULT liste id beppe
3736; 2604 56382 DEFAULT liste id beppe
3738; 2604 56383 DEFAULT liste id beppe
3739; 2604 56384 DEFAULT liste id beppe
3740; 2604 56385 DEFAULT liste id beppe
3741; 2604 56386 DEFAULT liste id beppe
3742; 2604 56387 DEFAULT liste id beppe
3743; 2604 56388 DEFAULT liste id beppe
3744; 2604 56389 DEFAULT liste id beppe
3745; 2604 56390 DEFAULT liste id beppe
3746; 2604 56391 DEFAULT liste id beppe
3747; 2604 56392 DEFAULT liste id beppe
3748; 2604 56393 DEFAULT liste id beppe
3749; 2604 56394 DEFAULT main id beppe
3750; 2604 56395 DEFAULT main id beppe
3751; 2604 56396 DEFAULT main id beppe
3756; 2604 56397 DEFAULT main id beppe
3753; 2604 56398 DEFAULT main id beppe
3757; 2604 56399 DEFAULT main id beppe
3755; 2604 56400 DEFAULT main gid beppe
3759; 2604 56401 DEFAULT main id beppe
3761; 2604 56402 DEFAULT main id beppe
3765; 2604 56403 DEFAULT main id beppe
3766; 2604 56404 DEFAULT main id beppe
3768; 2604 56405 DEFAULT main id beppe
3772; 2604 56406 DEFAULT main id beppe
3773; 2604 56407 DEFAULT main id beppe
3774; 2604 56408 DEFAULT main id beppe
3775; 2604 56409 DEFAULT main id beppe
3776; 2604 56410 DEFAULT main id beppe
3777; 2604 56411 DEFAULT main id beppe
3779; 2604 56412 DEFAULT main id beppe
3781; 2604 56413 DEFAULT main id beppe
4079; 0 56010 TABLE DATA liste affidabilita beppe
4231; 0 0 SEQUENCE SET liste affidabilita_id_seq beppe
4081; 0 56018 TABLE DATA liste artificiali beppe
4232; 0 0 SEQUENCE SET liste artificiali_id_seq beppe
4083; 0 56026 TABLE DATA liste azioni beppe
4233; 0 0 SEQUENCE SET liste azioni_id_seq beppe
4085; 0 56034 TABLE DATA liste cat beppe
4234; 0 0 SEQUENCE SET liste cat_id_seq beppe
4087; 0 56042 TABLE DATA liste comune beppe
4235; 0 0 SEQUENCE SET liste comune_id_seq beppe
4089; 0 56050 TABLE DATA liste conservazione beppe
4236; 0 0 SEQUENCE SET liste conservazione_id_seq beppe
4091; 0 56058 TABLE DATA liste consistenza beppe
4237; 0 0 SEQUENCE SET liste consistenza_id_seq beppe
4093; 0 56066 TABLE DATA liste criteri_distinz beppe
4238; 0 0 SEQUENCE SET liste criteri_distinz_id_seq beppe
4095; 0 56074 TABLE DATA liste cronologia beppe
4239; 0 0 SEQUENCE SET liste cronologia_id_seq beppe
4097; 0 56082 TABLE DATA liste esito beppe
4240; 0 0 SEQUENCE SET liste esito_id_seq beppe
4099; 0 56090 TABLE DATA liste geologici beppe
4241; 0 0 SEQUENCE SET liste geologici_id_seq beppe
4101; 0 56098 TABLE DATA liste localita beppe
4242; 0 0 SEQUENCE SET liste localita_id_seq beppe
4103; 0 56106 TABLE DATA liste modo_scavo beppe
4243; 0 0 SEQUENCE SET liste modo_scavo_id_seq beppe
4105; 0 56114 TABLE DATA liste organici beppe
4244; 0 0 SEQUENCE SET liste organici_id_seq beppe
4107; 0 56122 TABLE DATA liste regione beppe
4245; 0 0 SEQUENCE SET liste regione_id_seq beppe
4109; 0 56131 TABLE DATA liste schema beppe
4246; 0 0 SEQUENCE SET liste schema_id_seq beppe
4111; 0 56139 TABLE DATA liste servizi beppe
4112; 0 56145 TABLE DATA liste social beppe
4247; 0 0 SEQUENCE SET liste social_id_seq beppe
4114; 0 56153 TABLE DATA liste stato beppe
4115; 0 56159 TABLE DATA liste stato_doc beppe
4248; 0 0 SEQUENCE SET liste stato_doc_id_seq beppe
4249; 0 0 SEQUENCE SET liste stato_id_seq beppe
4118; 0 56169 TABLE DATA liste subcat beppe
4250; 0 0 SEQUENCE SET liste subcat_id_seq beppe
4120; 0 56177 TABLE DATA liste tab beppe
4251; 0 0 SEQUENCE SET liste tab_id_seq beppe
4122; 0 56185 TABLE DATA liste tag beppe
4252; 0 0 SEQUENCE SET liste tag_id_seq beppe
4253; 0 0 SEQUENCE SET liste tipo_lavoro_id_seq beppe
4125; 0 56195 TABLE DATA liste tipo_us beppe
4254; 0 0 SEQUENCE SET liste tipo_us_id_seq beppe
4127; 0 56203 TABLE DATA liste tipo_utente beppe
4255; 0 0 SEQUENCE SET liste tipo_utente_id_seq beppe
4129; 0 56211 TABLE DATA main attivita beppe
4130; 0 56217 TABLE DATA main attivita_categorie beppe
4256; 0 0 SEQUENCE SET main attivita_categorie_id_seq beppe
4257; 0 0 SEQUENCE SET main attivita_id_seq beppe
4133; 0 56224 TABLE DATA main campioni beppe
4258; 0 0 SEQUENCE SET main campioni_id_seq beppe
4137; 0 56250 TABLE DATA main lavoro beppe
4135; 0 56232 TABLE DATA main lavoro_bkp beppe
4138; 0 56256 TABLE DATA main lavoro_campo beppe
4259; 0 0 SEQUENCE SET main lavoro_campo_id_seq beppe
4260; 0 0 SEQUENCE SET main lavoro_id_seq beppe
4261; 0 0 SEQUENCE SET main lavoro_id_seq1 beppe
4136; 0 56239 TABLE DATA main lavoro_metadati beppe
4142; 0 56268 TABLE DATA main log beppe
4262; 0 0 SEQUENCE SET main log_id_seq beppe
4144; 0 56274 TABLE DATA main login beppe
4263; 0 0 SEQUENCE SET main login_id_seq beppe
4146; 0 56283 TABLE DATA main post beppe
4264; 0 0 SEQUENCE SET main post_id_seq beppe
4148; 0 56294 TABLE DATA main reperti beppe
4265; 0 0 SEQUENCE SET main reperti_id_seq beppe
4150; 0 56302 TABLE DATA main rubrica beppe
4266; 0 0 SEQUENCE SET main rubrica_id_seq beppe
4152; 0 56311 TABLE DATA main scavo beppe
4267; 0 0 SEQUENCE SET main scavo_id_seq beppe
4268; 0 0 SEQUENCE SET main shape_gid_seq beppe
4155; 0 56324 TABLE DATA main tags beppe
4269; 0 0 SEQUENCE SET main tags_id_seq beppe
4157; 0 56329 TABLE DATA main us beppe
4158; 0 56335 TABLE DATA main us_artificiali beppe
4270; 0 0 SEQUENCE SET main us_artificiali_id_seq beppe
4160; 0 56340 TABLE DATA main us_geologici beppe
4271; 0 0 SEQUENCE SET main us_geologici_id_seq beppe
4272; 0 0 SEQUENCE SET main us_id_seq beppe
4163; 0 56347 TABLE DATA main us_organici beppe
4273; 0 0 SEQUENCE SET main us_organici_id_seq beppe
4165; 0 56352 TABLE DATA main usr beppe
4274; 0 0 SEQUENCE SET main usr_id_seq beppe
4167; 0 56361 TABLE DATA main usr_social beppe
4275; 0 0 SEQUENCE SET main usr_social_id_seq beppe
3722; 0 16676 TABLE DATA public spatial_ref_sys beppe
3720; 0 21850 TABLE DATA topology topology beppe
3721; 0 21863 TABLE DATA topology layer beppe
3783; 2606 56416 CONSTRAINT liste affidabilita_pk beppe
3785; 2606 56418 CONSTRAINT liste affidabilita_unique beppe
3787; 2606 56420 CONSTRAINT liste artificiali_pk beppe
3789; 2606 56422 CONSTRAINT liste artificiali_unique beppe
3791; 2606 56424 CONSTRAINT liste azioni_pkey beppe
3793; 2606 56426 CONSTRAINT liste azioni_unique beppe
3795; 2606 56428 CONSTRAINT liste cat_pkey beppe
3797; 2606 56430 CONSTRAINT liste comune_pkey beppe
3799; 2606 56432 CONSTRAINT liste comune_unique beppe
3801; 2606 56434 CONSTRAINT liste conservazione_pk beppe
3803; 2606 56436 CONSTRAINT liste conservazione_unique beppe
3805; 2606 56438 CONSTRAINT liste consistenza_pk beppe
3807; 2606 56440 CONSTRAINT liste consistenza_unique beppe
3809; 2606 56442 CONSTRAINT liste criteri_distinz_pk beppe
3811; 2606 56444 CONSTRAINT liste criteri_distinz_unique beppe
3813; 2606 56446 CONSTRAINT liste cronologia_pk beppe
3815; 2606 56448 CONSTRAINT liste cronologia_unique beppe
3817; 2606 56450 CONSTRAINT liste esito_pk beppe
3819; 2606 56452 CONSTRAINT liste esito_unique beppe
3821; 2606 56454 CONSTRAINT liste geologici_pk beppe
3823; 2606 56456 CONSTRAINT liste geologici_unique beppe
3825; 2606 56458 CONSTRAINT liste localita_pkey beppe
3827; 2606 56460 CONSTRAINT liste localita_unique beppe
3829; 2606 56462 CONSTRAINT liste modo_scavo_pk beppe
3831; 2606 56464 CONSTRAINT liste modo_scavo_unique beppe
3833; 2606 56466 CONSTRAINT liste organici_pk beppe
3835; 2606 56468 CONSTRAINT liste organici_unique beppe
3837; 2606 56470 CONSTRAINT liste regione_pkey beppe
3839; 2606 56472 CONSTRAINT liste regione_unique beppe
3841; 2606 56474 CONSTRAINT liste schema_pkey beppe
3843; 2606 56476 CONSTRAINT liste schema_unique beppe
3849; 2606 56478 CONSTRAINT liste social_pk beppe
3851; 2606 56480 CONSTRAINT liste social_unique beppe
3857; 2606 56482 CONSTRAINT liste stato_doc_pk beppe
3859; 2606 56484 CONSTRAINT liste stato_doc_unique beppe
3853; 2606 56486 CONSTRAINT liste stato_pkey beppe
3855; 2606 56488 CONSTRAINT liste stato_unique beppe
3861; 2606 56490 CONSTRAINT liste subcat_pkey beppe
3863; 2606 56492 CONSTRAINT liste tab_pk beppe
3865; 2606 56494 CONSTRAINT liste tag_pkey beppe
3867; 2606 56496 CONSTRAINT liste tag_unique beppe
3845; 2606 56498 CONSTRAINT liste tipo_lavoro_pk beppe
3847; 2606 56500 CONSTRAINT liste tipo_lavoro_unique beppe
3869; 2606 56502 CONSTRAINT liste tipo_us_pk beppe
3871; 2606 56504 CONSTRAINT liste tipo_us_unique beppe
3873; 2606 56506 CONSTRAINT liste tipo_utente_pk beppe
3875; 2606 56508 CONSTRAINT liste tipo_utente_unique beppe
3882; 2606 56510 CONSTRAINT main att_cat_unique beppe
3884; 2606 56512 CONSTRAINT main attivita_categorie_pkey beppe
3878; 2606 56514 CONSTRAINT main attivita_pkey beppe
3887; 2606 56516 CONSTRAINT main campioni_pk beppe
3898; 2606 56518 CONSTRAINT main lavoro_campo_pk beppe
3900; 2606 56520 CONSTRAINT main lavoro_campo_unique beppe
3889; 2606 56522 CONSTRAINT main lavoro_pk beppe
3894; 2606 56524 CONSTRAINT main lavoro_pkey beppe
3896; 2606 56526 CONSTRAINT main lavoro_unique beppe
3902; 2606 56528 CONSTRAINT main log_pkey beppe
3904; 2606 56530 CONSTRAINT main login_pk beppe
3906; 2606 56532 CONSTRAINT main post_pk beppe
3908; 2606 56534 CONSTRAINT main post_unique beppe
3910; 2606 56536 CONSTRAINT main reperti_pk beppe
3912; 2606 56538 CONSTRAINT main rubrica_pk beppe
3914; 2606 56540 CONSTRAINT main rubrica_unique beppe
3916; 2606 56542 CONSTRAINT main scavo_pkey beppe
3918; 2606 56544 CONSTRAINT main scavo_unique beppe
3892; 2606 56546 CONSTRAINT main shape_pkey beppe
3920; 2606 56548 CONSTRAINT main tags_pkey beppe
3922; 2606 56550 CONSTRAINT main tags_unique beppe
3928; 2606 56552 CONSTRAINT main us_artificiali_pk beppe
3930; 2606 56554 CONSTRAINT main us_artificiali_unique beppe
3932; 2606 56556 CONSTRAINT main us_geologici_pk beppe
3934; 2606 56558 CONSTRAINT main us_geologici_unique beppe
3936; 2606 56560 CONSTRAINT main us_organici_pk beppe
3938; 2606 56562 CONSTRAINT main us_organici_unique beppe
3924; 2606 56564 CONSTRAINT main us_pk beppe
3926; 2606 56566 CONSTRAINT main us_unique beppe
3940; 2606 56568 CONSTRAINT main usr_pk beppe
3944; 2606 56570 CONSTRAINT main usr_social_pk beppe
3946; 2606 56572 CONSTRAINT main usr_social_unique beppe
3942; 2606 56574 CONSTRAINT main usr_unique beppe
3876; 1259 56575 INDEX main attivita_gidx beppe
3879; 1259 56576 INDEX main fki_attivita_lavoro_fki beppe
3885; 1259 56577 INDEX main fki_this_categoria_fki beppe
3880; 1259 56578 INDEX main fki_this_usr_fki beppe
3890; 1259 56579 INDEX main shape_geom_idx beppe
3947; 2606 56580 FK CONSTRAINT main attivita_lavoro_fki beppe
3951; 2606 56585 FK CONSTRAINT main post_usr_fki beppe
3952; 2606 56590 FK CONSTRAINT main rubrica_tipo beppe
3953; 2606 56595 FK CONSTRAINT main tags_tag_fki beppe
3949; 2606 56600 FK CONSTRAINT main this_attivita_fki beppe
3950; 2606 56605 FK CONSTRAINT main this_categoria_fki beppe
3948; 2606 56610 FK CONSTRAINT main this_usr_fki beppe
3954; 2606 56615 FK CONSTRAINT main usr_rubrica beppe
3955; 2606 56620 FK CONSTRAINT main usr_social_social_fk beppe
3956; 2606 56625 FK CONSTRAINT main usr_social_usr_fk beppe
